#-----------------------------------------------------------
# Vivado v2018.3 (64-bit)
# SW Build 2405991 on Thu Dec  6 23:38:27 MST 2018
# IP Build 2404404 on Fri Dec  7 01:43:56 MST 2018
# Start of session at: Sat Apr 17 21:56:21 2021
# Process ID: 232
# Current directory: D:/vivado/03_ALU
# Command line: vivado.exe -gui_launcher_event rodinguilauncherevent5848 D:\vivado\03_ALU\03_ALU.xpr
# Log file: D:/vivado/03_ALU/vivado.log
# Journal file: D:/vivado/03_ALU\vivado.jou
#-----------------------------------------------------------
start_gui
open_project D:/vivado/03_ALU/03_ALU.xpr
pr
add_files -norecurse {D:/vivado/03_ALU/Display.v D:/vivado/03_ALU/ALU.v D:/vivado/03_ALU/Shift.v}
update_compile_order -fileset sources_1
add_files -fileset constrs_1 -norecurse D:/vivado/03_ALU/Board.xdc
reset_run synth_1
launch_runs synth_1 -jobs 4
wait_on_run synth_1
export_ip_user_files -of_objects  [get_files D:/vivado/03_ALU/Display.v] -no_script -reset -force -quiet
remove_files  D:/vivado/03_ALU/Display.v
add_files -norecurse D:/vivado/03_ALU/Display.v
update_compile_order -fileset sources_1
reset_run synth_1
launch_runs synth_1 -jobs 4
wait_on_run synth_1
