Copyright 1986-2018 Xilinx, Inc. All Rights Reserved.
------------------------------------------------------------------------------------
| Tool Version : Vivado v.2018.3 (win64) Build 2405991 Thu Dec  6 23:38:27 MST 2018
| Date         : Fri Jul  2 16:40:59 2021
| Host         : BLUEFLAMELEE running 64-bit major release  (build 9200)
| Command      : report_control_sets -verbose -file CPU_control_sets_placed.rpt
| Design       : CPU
| Device       : xc7a100t
------------------------------------------------------------------------------------

Control Set Information

Table of Contents
-----------------
1. Summary
2. Histogram
3. Flip-Flop Distribution
4. Detailed Control Set Information

1. Summary
----------

+----------------------------------------------------------+-------+
|                          Status                          | Count |
+----------------------------------------------------------+-------+
| Number of unique control sets                            |    19 |
| Unused register locations in slices containing registers |    68 |
+----------------------------------------------------------+-------+


2. Histogram
------------

+--------+--------------+
| Fanout | Control Sets |
+--------+--------------+
|      1 |            6 |
|      2 |            1 |
|      3 |            1 |
|      4 |            2 |
|      7 |            2 |
|      8 |            2 |
|    16+ |            5 |
+--------+--------------+


3. Flip-Flop Distribution
-------------------------

+--------------+-----------------------+------------------------+-----------------+--------------+
| Clock Enable | Synchronous Set/Reset | Asynchronous Set/Reset | Total Registers | Total Slices |
+--------------+-----------------------+------------------------+-----------------+--------------+
| No           | No                    | No                     |              44 |           28 |
| No           | No                    | Yes                    |              51 |           27 |
| No           | Yes                   | No                     |               0 |            0 |
| Yes          | No                    | No                     |              56 |           15 |
| Yes          | No                    | Yes                    |             109 |           48 |
| Yes          | Yes                   | No                     |               0 |            0 |
+--------------+-----------------------+------------------------+-----------------+--------------+


4. Detailed Control Set Information
-----------------------------------

+--------------------------------------+---------------------------------------------+------------------+------------------+----------------+
|             Clock Signal             |                Enable Signal                | Set/Reset Signal | Slice Load Count | Bel Load Count |
+--------------------------------------+---------------------------------------------+------------------+------------------+----------------+
| ~CPSR_Instance/D_CPSR_7_0/Q[2]       |                                             | INTA_irq         |                1 |              1 |
|  EX_irq_IBUF_BUFG                    |                                             | INTA_irq         |                1 |              1 |
|  clk_tmp                             |                                             |                  |                1 |              1 |
|  clk_IBUF_BUFG                       | Inst_Instance/FSM_sequential_ST_reg[0]      | Rst_IBUF         |                1 |              1 |
|  clk_IBUF_BUFG                       | Inst_Instance/FSM_sequential_ST_reg[2]      | Rst_IBUF         |                1 |              1 |
|  clk_IBUF_BUFG                       | Inst_Instance/FSM_sequential_ST_reg[2]_2    | Rst_IBUF         |                1 |              1 |
|  clk_IBUF_BUFG                       | Inst_Instance/E[0]                          | Rst_IBUF         |                1 |              2 |
|  clk_IBUF_BUFG                       |                                             |                  |                2 |              3 |
|  CPSR_Instance/D_CPSR_31_28/clk0     |                                             | Rst_IBUF         |                1 |              4 |
|  CPSR_Instance/D_CPSR_7_0/p_41_in    |                                             | Rst_IBUF         |                1 |              4 |
|  CPSR_Instance/D_SPSR_irq/p_17_in    |                                             | Rst_IBUF         |                2 |              7 |
|  CPSR_Instance/D_SPSR_fiq/clk018_out |                                             | Rst_IBUF         |                2 |              7 |
|  CPSR_Instance/D_CPSR_7_0/E[0]       |                                             |                  |                3 |              8 |
|  clk_IBUF_BUFG                       | Inst_Instance/FSM_sequential_ST_reg[2]_0[0] | Rst_IBUF         |                3 |              8 |
|  clk_IBUF_BUFG                       |                                             | Rst_IBUF         |               19 |             27 |
|  n_0_466_BUFG                        |                                             |                  |               22 |             32 |
| ~clk_IBUF_BUFG                       | Write_PC_OBUF                               | Rst_IBUF         |               18 |             32 |
| ~clk_IBUF_BUFG                       | Inst_Instance/IR0                           |                  |               15 |             56 |
| ~clk_IBUF_BUFG                       | LF_reg_n_1                                  | Rst_IBUF         |               23 |             64 |
+--------------------------------------+---------------------------------------------+------------------+------------------+----------------+


